Lorem ipsum

Lorem ipsum dolor sit amet, consectetur adipiscing elit. Sapien ante conubia vestibulum
ultrices quisque nam nascetur consectetur. Viverra amet lacinia massa donec gravida primis
leo tellus. Montes nulla sit cras odio penatibus cum aenean metus. Per per eros fusce et
platea et feugiat ullamcorper.
