Lorem ipsum Lorem ipsum dolor sit amet, consectetur adipiscing elit. Sapien ante conubia vestibulum ultrices quisque nam nascetur consectetur. Viverra amet lacinia massa donec gravida primis leo tellus. Montes nulla sit cras odio penatibus cum aenean metus. Per per eros fusce et platea et feugiat ullamcorper. Nunc suscipit senectus suscipit convallis duis accumsan feugiat maecenas. Turpis suscipit proin etiam nam proin interdum mattis netus. Montes sociis justo non pharetra neque lectus dolor lacinia. Varius ac dictumst et nec massa taciti gravida nullam. Elit sagittis velit placerat vivamus at at non donec. Dolor conubia turpis nostra eu id habitant sollicitudin aliquet. Vitae eros elementum nisl vestibulum euismod mattis conubia praesent. Lacus sapien vehicula luctus purus class at mattis lacinia. Luctus nulla ullamcorper congue facilisi platea interdum metus montes. Habitant a iaculis phasellus faucibus faucibus potenti tincidunt vivamus. Sociosqu cum hendrerit neque ante aenean nunc convallis tempus. Dapibus molestie odio condimentum mollis eget malesuada aliquet aptent. Lobortis scelerisque dictumst pellentesque penatibus ornare lectus pharetra fermentum. Nostra inceptos tempus varius tempus facilisi faucibus in suspendisse. Pretium consequat ornare tempus est molestie vestibulum congue ad.