# My file

## Heading

Lorem ipsum dolor sit amet, consectetur adipiscing elit

```js
console.log('Hello, World!');
```

| Jedi  | Light saber |
|-------|-----|
| Obi-Wan Kenobi | Blue |
| Yoda | Green |
| Ahoska Tano | White |
| Luke Skywalker | Green |
